// Jest Snapshot v1, https://goo.gl/fbAQLP

exports[`InfraStack 1`] = `
Object {
  "Outputs": Object {
    "PrivateApiGatewayCfnApiUrl952172FA": Object {
      "Value": Object {
        "Fn::Join": Array [
          "",
          Array [
            "https://",
            Object {
              "Ref": "PrivateApiGateway618B725A",
            },
            ".execute-api.eu-west-1.",
            Object {
              "Ref": "AWS::URLSuffix",
            },
            "/",
            Object {
              "Ref": "PrivateApiGatewayDeploymentStageeuwest14DE26235",
            },
            "/",
          ],
        ],
      },
    },
    "PrivateApiGatewayEndpointA74AF0A0": Object {
      "Value": Object {
        "Fn::Join": Array [
          "",
          Array [
            "https://",
            Object {
              "Ref": "PrivateApiGateway618B725A",
            },
            ".execute-api.eu-west-1.",
            Object {
              "Ref": "AWS::URLSuffix",
            },
            "/",
            Object {
              "Ref": "PrivateApiGatewayDeploymentStageeuwest14DE26235",
            },
            "/",
          ],
        ],
      },
    },
  },
  "Parameters": Object {
    "AssetParameters51ecc92cb863dc5531098e807c2222a5bc911d65e8c1f4407a13f7f2ada697acArtifactHash5E494D29": Object {
      "Description": "Artifact hash for asset \\"51ecc92cb863dc5531098e807c2222a5bc911d65e8c1f4407a13f7f2ada697ac\\"",
      "Type": "String",
    },
    "AssetParameters51ecc92cb863dc5531098e807c2222a5bc911d65e8c1f4407a13f7f2ada697acS3Bucket376BF46B": Object {
      "Description": "S3 bucket for asset \\"51ecc92cb863dc5531098e807c2222a5bc911d65e8c1f4407a13f7f2ada697ac\\"",
      "Type": "String",
    },
    "AssetParameters51ecc92cb863dc5531098e807c2222a5bc911d65e8c1f4407a13f7f2ada697acS3VersionKey6BB10F13": Object {
      "Description": "S3 key for asset version \\"51ecc92cb863dc5531098e807c2222a5bc911d65e8c1f4407a13f7f2ada697ac\\"",
      "Type": "String",
    },
    "AssetParametersb018189d0aa33ed6ed6e4851dcf06c32d460f85d7ce6688c77987352a4afa5caArtifactHashFB552854": Object {
      "Description": "Artifact hash for asset \\"b018189d0aa33ed6ed6e4851dcf06c32d460f85d7ce6688c77987352a4afa5ca\\"",
      "Type": "String",
    },
    "AssetParametersb018189d0aa33ed6ed6e4851dcf06c32d460f85d7ce6688c77987352a4afa5caS3Bucket19AC43B7": Object {
      "Description": "S3 bucket for asset \\"b018189d0aa33ed6ed6e4851dcf06c32d460f85d7ce6688c77987352a4afa5ca\\"",
      "Type": "String",
    },
    "AssetParametersb018189d0aa33ed6ed6e4851dcf06c32d460f85d7ce6688c77987352a4afa5caS3VersionKey22A0DCF5": Object {
      "Description": "S3 key for asset version \\"b018189d0aa33ed6ed6e4851dcf06c32d460f85d7ce6688c77987352a4afa5ca\\"",
      "Type": "String",
    },
    "AssetParametersba3b605cce1b01827f4c0f8718dd00d481652bc96be7716e481f5fcc31f80a8eArtifactHash15CBE088": Object {
      "Description": "Artifact hash for asset \\"ba3b605cce1b01827f4c0f8718dd00d481652bc96be7716e481f5fcc31f80a8e\\"",
      "Type": "String",
    },
    "AssetParametersba3b605cce1b01827f4c0f8718dd00d481652bc96be7716e481f5fcc31f80a8eS3Bucket1E7BDFC4": Object {
      "Description": "S3 bucket for asset \\"ba3b605cce1b01827f4c0f8718dd00d481652bc96be7716e481f5fcc31f80a8e\\"",
      "Type": "String",
    },
    "AssetParametersba3b605cce1b01827f4c0f8718dd00d481652bc96be7716e481f5fcc31f80a8eS3VersionKeyD1C7FF98": Object {
      "Description": "S3 key for asset version \\"ba3b605cce1b01827f4c0f8718dd00d481652bc96be7716e481f5fcc31f80a8e\\"",
      "Type": "String",
    },
  },
  "Resources": Object {
    "FourDPipelineStackNestedStackFourDPipelineStackNestedStackResourceCC0A20CE": Object {
      "DeletionPolicy": "Delete",
      "Properties": Object {
        "TemplateURL": Object {
          "Fn::Join": Array [
            "",
            Array [
              "https://s3.eu-west-1.",
              Object {
                "Ref": "AWS::URLSuffix",
              },
              "/",
              Object {
                "Ref": "AssetParametersb018189d0aa33ed6ed6e4851dcf06c32d460f85d7ce6688c77987352a4afa5caS3Bucket19AC43B7",
              },
              "/",
              Object {
                "Fn::Select": Array [
                  0,
                  Object {
                    "Fn::Split": Array [
                      "||",
                      Object {
                        "Ref": "AssetParametersb018189d0aa33ed6ed6e4851dcf06c32d460f85d7ce6688c77987352a4afa5caS3VersionKey22A0DCF5",
                      },
                    ],
                  },
                ],
              },
              Object {
                "Fn::Select": Array [
                  1,
                  Object {
                    "Fn::Split": Array [
                      "||",
                      Object {
                        "Ref": "AssetParametersb018189d0aa33ed6ed6e4851dcf06c32d460f85d7ce6688c77987352a4afa5caS3VersionKey22A0DCF5",
                      },
                    ],
                  },
                ],
              },
            ],
          ],
        },
      },
      "Type": "AWS::CloudFormation::Stack",
      "UpdateReplacePolicy": "Delete",
    },
    "GETLambdaFleetgetassetsFunctionCB153BDE": Object {
      "DependsOn": Array [
        "GETLambdaFleetgetassetsFunctionServiceRoleDefaultPolicy5ECB35DE",
        "GETLambdaFleetgetassetsFunctionServiceRole8DE7B469",
      ],
      "Properties": Object {
        "Code": Object {
          "S3Bucket": Object {
            "Ref": "AssetParametersba3b605cce1b01827f4c0f8718dd00d481652bc96be7716e481f5fcc31f80a8eS3Bucket1E7BDFC4",
          },
          "S3Key": Object {
            "Fn::Join": Array [
              "",
              Array [
                Object {
                  "Fn::Select": Array [
                    0,
                    Object {
                      "Fn::Split": Array [
                        "||",
                        Object {
                          "Ref": "AssetParametersba3b605cce1b01827f4c0f8718dd00d481652bc96be7716e481f5fcc31f80a8eS3VersionKeyD1C7FF98",
                        },
                      ],
                    },
                  ],
                },
                Object {
                  "Fn::Select": Array [
                    1,
                    Object {
                      "Fn::Split": Array [
                        "||",
                        Object {
                          "Ref": "AssetParametersba3b605cce1b01827f4c0f8718dd00d481652bc96be7716e481f5fcc31f80a8eS3VersionKeyD1C7FF98",
                        },
                      ],
                    },
                  ],
                },
              ],
            ],
          },
        },
        "Handler": "assets.handler",
        "Role": Object {
          "Fn::GetAtt": Array [
            "GETLambdaFleetgetassetsFunctionServiceRole8DE7B469",
            "Arn",
          ],
        },
        "Runtime": "nodejs14.x",
        "TracingConfig": Object {
          "Mode": "Active",
        },
        "VpcConfig": Object {
          "SecurityGroupIds": Array [
            Object {
              "Fn::GetAtt": Array [
                "GETLambdaFleetgetassetsFunctionSecurityGroup9099F13C",
                "GroupId",
              ],
            },
          ],
          "SubnetIds": Array [
            "private-subnet-1",
            "private-subnet-2",
          ],
        },
      },
      "Type": "AWS::Lambda::Function",
    },
    "GETLambdaFleetgetassetsFunctionSecurityGroup9099F13C": Object {
      "Properties": Object {
        "GroupDescription": "Automatic security group for Lambda Function teststackGETLambdaFleetgetassetsFunction5E68DF26",
        "SecurityGroupEgress": Array [
          Object {
            "CidrIp": "0.0.0.0/0",
            "Description": "Allow all outbound traffic by default",
            "IpProtocol": "-1",
          },
        ],
        "VpcId": "vpc-12345",
      },
      "Type": "AWS::EC2::SecurityGroup",
    },
    "GETLambdaFleetgetassetsFunctionServiceRole8DE7B469": Object {
      "Properties": Object {
        "AssumeRolePolicyDocument": Object {
          "Statement": Array [
            Object {
              "Action": "sts:AssumeRole",
              "Effect": "Allow",
              "Principal": Object {
                "Service": "lambda.amazonaws.com",
              },
            },
          ],
          "Version": "2012-10-17",
        },
        "ManagedPolicyArns": Array [
          Object {
            "Fn::Join": Array [
              "",
              Array [
                "arn:",
                Object {
                  "Ref": "AWS::Partition",
                },
                ":iam::aws:policy/service-role/AWSLambdaBasicExecutionRole",
              ],
            ],
          },
          Object {
            "Fn::Join": Array [
              "",
              Array [
                "arn:",
                Object {
                  "Ref": "AWS::Partition",
                },
                ":iam::aws:policy/service-role/AWSLambdaVPCAccessExecutionRole",
              ],
            ],
          },
        ],
      },
      "Type": "AWS::IAM::Role",
    },
    "GETLambdaFleetgetassetsFunctionServiceRoleDefaultPolicy5ECB35DE": Object {
      "Properties": Object {
        "PolicyDocument": Object {
          "Statement": Array [
            Object {
              "Action": Array [
                "xray:PutTraceSegments",
                "xray:PutTelemetryRecords",
              ],
              "Effect": "Allow",
              "Resource": "*",
            },
          ],
          "Version": "2012-10-17",
        },
        "PolicyName": "GETLambdaFleetgetassetsFunctionServiceRoleDefaultPolicy5ECB35DE",
        "Roles": Array [
          Object {
            "Ref": "GETLambdaFleetgetassetsFunctionServiceRole8DE7B469",
          },
        ],
      },
      "Type": "AWS::IAM::Policy",
    },
    "LambdaFleetStackNestedStackLambdaFleetStackNestedStackResource438355F9": Object {
      "DeletionPolicy": "Delete",
      "Properties": Object {
        "TemplateURL": Object {
          "Fn::Join": Array [
            "",
            Array [
              "https://s3.eu-west-1.",
              Object {
                "Ref": "AWS::URLSuffix",
              },
              "/",
              Object {
                "Ref": "AssetParameters51ecc92cb863dc5531098e807c2222a5bc911d65e8c1f4407a13f7f2ada697acS3Bucket376BF46B",
              },
              "/",
              Object {
                "Fn::Select": Array [
                  0,
                  Object {
                    "Fn::Split": Array [
                      "||",
                      Object {
                        "Ref": "AssetParameters51ecc92cb863dc5531098e807c2222a5bc911d65e8c1f4407a13f7f2ada697acS3VersionKey6BB10F13",
                      },
                    ],
                  },
                ],
              },
              Object {
                "Fn::Select": Array [
                  1,
                  Object {
                    "Fn::Split": Array [
                      "||",
                      Object {
                        "Ref": "AssetParameters51ecc92cb863dc5531098e807c2222a5bc911d65e8c1f4407a13f7f2ada697acS3VersionKey6BB10F13",
                      },
                    ],
                  },
                ],
              },
            ],
          ],
        },
      },
      "Type": "AWS::CloudFormation::Stack",
      "UpdateReplacePolicy": "Delete",
    },
    "PrivateApiGateway618B725A": Object {
      "Properties": Object {
        "EndpointConfiguration": Object {
          "Types": Array [
            "PRIVATE",
          ],
          "VpcEndpointIds": Array [
            Object {
              "Fn::GetAtt": Array [
                "LambdaFleetStackNestedStackLambdaFleetStackNestedStackResource438355F9",
                "Outputs.teststackLambdaFleetStackVPCEndpointApiGW8F348E52Ref",
              ],
            },
          ],
        },
        "Name": "PrivateApiGateway",
        "Policy": Object {
          "Statement": Array [
            Object {
              "Action": "execute-api:Invoke",
              "Effect": "Allow",
              "Principal": Object {
                "AWS": "*",
              },
              "Resource": "execute-api:/*/*/*",
              "Sid": "apiGatewayRole",
            },
            Object {
              "Action": "lambda:InvokeFunction",
              "Effect": "Allow",
              "Principal": Object {
                "AWS": "*",
              },
              "Resource": "lambda.amazonaws.com",
              "Sid": "apiGatewayRole",
            },
          ],
          "Version": "2012-10-17",
        },
      },
      "Type": "AWS::ApiGateway::RestApi",
    },
    "PrivateApiGatewayAccountE06D5DCF": Object {
      "DependsOn": Array [
        "PrivateApiGateway618B725A",
      ],
      "Properties": Object {
        "CloudWatchRoleArn": Object {
          "Fn::GetAtt": Array [
            "PrivateApiGatewayCloudWatchRoleDCA8DC6A",
            "Arn",
          ],
        },
      },
      "Type": "AWS::ApiGateway::Account",
    },
    "PrivateApiGatewayCloudWatchRoleDCA8DC6A": Object {
      "Properties": Object {
        "AssumeRolePolicyDocument": Object {
          "Statement": Array [
            Object {
              "Action": "sts:AssumeRole",
              "Effect": "Allow",
              "Principal": Object {
                "Service": "apigateway.amazonaws.com",
              },
            },
          ],
          "Version": "2012-10-17",
        },
        "ManagedPolicyArns": Array [
          Object {
            "Fn::Join": Array [
              "",
              Array [
                "arn:",
                Object {
                  "Ref": "AWS::Partition",
                },
                ":iam::aws:policy/service-role/AmazonAPIGatewayPushToCloudWatchLogs",
              ],
            ],
          },
        ],
      },
      "Type": "AWS::IAM::Role",
    },
    "PrivateApiGatewayDeployment8BFAB2AA7d2ad79a604ee5c607d235bbd7c11383": Object {
      "DependsOn": Array [
        "PrivateApiGatewayassetsgetD87638FB",
        "PrivateApiGatewayassets071E3A6E",
      ],
      "Properties": Object {
        "Description": "Automatically created by the RestApi construct",
        "RestApiId": Object {
          "Ref": "PrivateApiGateway618B725A",
        },
      },
      "Type": "AWS::ApiGateway::Deployment",
    },
    "PrivateApiGatewayDeploymentStageeuwest14DE26235": Object {
      "Properties": Object {
        "DeploymentId": Object {
          "Ref": "PrivateApiGatewayDeployment8BFAB2AA7d2ad79a604ee5c607d235bbd7c11383",
        },
        "RestApiId": Object {
          "Ref": "PrivateApiGateway618B725A",
        },
        "StageName": "eu-west-1",
      },
      "Type": "AWS::ApiGateway::Stage",
    },
    "PrivateApiGatewayassets071E3A6E": Object {
      "Properties": Object {
        "ParentId": Object {
          "Fn::GetAtt": Array [
            "PrivateApiGateway618B725A",
            "RootResourceId",
          ],
        },
        "PathPart": "assets",
        "RestApiId": Object {
          "Ref": "PrivateApiGateway618B725A",
        },
      },
      "Type": "AWS::ApiGateway::Resource",
    },
    "PrivateApiGatewayassetsgetApiPermissionTestteststackPrivateApiGatewayF839E401GETassetsC70B9A8A": Object {
      "Properties": Object {
        "Action": "lambda:InvokeFunction",
        "FunctionName": Object {
          "Fn::GetAtt": Array [
            "GETLambdaFleetgetassetsFunctionCB153BDE",
            "Arn",
          ],
        },
        "Principal": "apigateway.amazonaws.com",
        "SourceArn": Object {
          "Fn::Join": Array [
            "",
            Array [
              "arn:",
              Object {
                "Ref": "AWS::Partition",
              },
              ":execute-api:eu-west-1:123456789010:",
              Object {
                "Ref": "PrivateApiGateway618B725A",
              },
              "/test-invoke-stage/GET/assets",
            ],
          ],
        },
      },
      "Type": "AWS::Lambda::Permission",
    },
    "PrivateApiGatewayassetsgetApiPermissionteststackPrivateApiGatewayF839E401GETassets86C68BC9": Object {
      "Properties": Object {
        "Action": "lambda:InvokeFunction",
        "FunctionName": Object {
          "Fn::GetAtt": Array [
            "GETLambdaFleetgetassetsFunctionCB153BDE",
            "Arn",
          ],
        },
        "Principal": "apigateway.amazonaws.com",
        "SourceArn": Object {
          "Fn::Join": Array [
            "",
            Array [
              "arn:",
              Object {
                "Ref": "AWS::Partition",
              },
              ":execute-api:eu-west-1:123456789010:",
              Object {
                "Ref": "PrivateApiGateway618B725A",
              },
              "/",
              Object {
                "Ref": "PrivateApiGatewayDeploymentStageeuwest14DE26235",
              },
              "/GET/assets",
            ],
          ],
        },
      },
      "Type": "AWS::Lambda::Permission",
    },
    "PrivateApiGatewayassetsgetD87638FB": Object {
      "Properties": Object {
        "AuthorizationType": "NONE",
        "HttpMethod": "GET",
        "Integration": Object {
          "IntegrationHttpMethod": "POST",
          "Type": "AWS",
          "Uri": Object {
            "Fn::Join": Array [
              "",
              Array [
                "arn:",
                Object {
                  "Ref": "AWS::Partition",
                },
                ":apigateway:eu-west-1:lambda:path/2015-03-31/functions/",
                Object {
                  "Fn::GetAtt": Array [
                    "GETLambdaFleetgetassetsFunctionCB153BDE",
                    "Arn",
                  ],
                },
                "/invocations",
              ],
            ],
          },
        },
        "ResourceId": Object {
          "Ref": "PrivateApiGatewayassets071E3A6E",
        },
        "RestApiId": Object {
          "Ref": "PrivateApiGateway618B725A",
        },
      },
      "Type": "AWS::ApiGateway::Method",
    },
  },
}
`;
